[0.015s] Invoking command in '/home/v120506/rmitbot_v4/lesson4_ws/build/rmitbot_localization': CMAKE_PREFIX_PATH=${CMAKE_PREFIX_PATH}:/opt/ros/jazzy DEBUGINFOD_URLS=https://debuginfod.ubuntu.com /usr/bin/cmake /home/v120506/rmitbot_v4/lesson4_ws/src/rmitbot_localization -DCMAKE_INSTALL_PREFIX=/home/v120506/rmitbot_v4/lesson4_ws/install/rmitbot_localization
[0.075s] -- The C compiler identification is GNU 13.3.0
[0.146s] -- The CXX compiler identification is GNU 13.3.0
[0.166s] -- Detecting C compiler ABI info
[0.271s] -- Detecting C compiler ABI info - done
[0.281s] -- Check for working C compiler: /usr/bin/cc - skipped
[0.281s] -- Detecting C compile features
[0.282s] -- Detecting C compile features - done
[0.293s] -- Detecting CXX compiler ABI info
[0.414s] -- Detecting CXX compiler ABI info - done
[0.432s] -- Check for working CXX compiler: /usr/bin/c++ - skipped
[0.432s] -- Detecting CXX compile features
[0.433s] -- Detecting CXX compile features - done
[0.440s] -- Found ament_cmake: 2.5.4 (/opt/ros/jazzy/share/ament_cmake/cmake)
[0.657s] -- Found Python3: /usr/bin/python3 (found version "3.12.3") found components: Interpreter 
[0.839s] -- Found nav_msgs: 5.3.6 (/opt/ros/jazzy/share/nav_msgs/cmake)
[0.920s] -- Found rosidl_generator_c: 4.6.6 (/opt/ros/jazzy/share/rosidl_generator_c/cmake)
[0.954s] -- Found rosidl_generator_cpp: 4.6.6 (/opt/ros/jazzy/share/rosidl_generator_cpp/cmake)
[0.991s] -- Using all available rosidl_typesupport_c: rosidl_typesupport_fastrtps_c;rosidl_typesupport_introspection_c
[1.019s] -- Using all available rosidl_typesupport_cpp: rosidl_typesupport_fastrtps_cpp;rosidl_typesupport_introspection_cpp
[1.104s] -- Found sensor_msgs: 5.3.6 (/opt/ros/jazzy/share/sensor_msgs/cmake)
[1.191s] -- Configuring done (1.2s)
[1.194s] -- Generating done (0.0s)
[1.195s] -- Build files have been written to: /home/v120506/rmitbot_v4/lesson4_ws/build/rmitbot_localization
[1.201s] Invoked command in '/home/v120506/rmitbot_v4/lesson4_ws/build/rmitbot_localization' returned '0': CMAKE_PREFIX_PATH=${CMAKE_PREFIX_PATH}:/opt/ros/jazzy DEBUGINFOD_URLS=https://debuginfod.ubuntu.com /usr/bin/cmake /home/v120506/rmitbot_v4/lesson4_ws/src/rmitbot_localization -DCMAKE_INSTALL_PREFIX=/home/v120506/rmitbot_v4/lesson4_ws/install/rmitbot_localization
[1.202s] Invoking command in '/home/v120506/rmitbot_v4/lesson4_ws/build/rmitbot_localization': CMAKE_PREFIX_PATH=${CMAKE_PREFIX_PATH}:/opt/ros/jazzy DEBUGINFOD_URLS=https://debuginfod.ubuntu.com /usr/bin/cmake --build /home/v120506/rmitbot_v4/lesson4_ws/build/rmitbot_localization -- -j8 -l8
[1.233s] Invoked command in '/home/v120506/rmitbot_v4/lesson4_ws/build/rmitbot_localization' returned '0': CMAKE_PREFIX_PATH=${CMAKE_PREFIX_PATH}:/opt/ros/jazzy DEBUGINFOD_URLS=https://debuginfod.ubuntu.com /usr/bin/cmake --build /home/v120506/rmitbot_v4/lesson4_ws/build/rmitbot_localization -- -j8 -l8
[1.234s] Invoking command in '/home/v120506/rmitbot_v4/lesson4_ws/build/rmitbot_localization': CMAKE_PREFIX_PATH=${CMAKE_PREFIX_PATH}:/opt/ros/jazzy DEBUGINFOD_URLS=https://debuginfod.ubuntu.com /usr/bin/cmake --install /home/v120506/rmitbot_v4/lesson4_ws/build/rmitbot_localization
[1.240s] -- Install configuration: ""
[1.240s] -- Installing: /home/v120506/rmitbot_v4/lesson4_ws/install/rmitbot_localization/share/rmitbot_localization/launch
[1.241s] -- Installing: /home/v120506/rmitbot_v4/lesson4_ws/install/rmitbot_localization/share/rmitbot_localization/launch/localization.launch.py
[1.241s] -- Installing: /home/v120506/rmitbot_v4/lesson4_ws/install/rmitbot_localization/share/rmitbot_localization/config
[1.241s] -- Installing: /home/v120506/rmitbot_v4/lesson4_ws/install/rmitbot_localization/share/rmitbot_localization/config/ekf.yaml
[1.241s] -- Installing: /home/v120506/rmitbot_v4/lesson4_ws/install/rmitbot_localization/share/ament_index/resource_index/package_run_dependencies/rmitbot_localization
[1.241s] -- Installing: /home/v120506/rmitbot_v4/lesson4_ws/install/rmitbot_localization/share/ament_index/resource_index/parent_prefix_path/rmitbot_localization
[1.241s] -- Installing: /home/v120506/rmitbot_v4/lesson4_ws/install/rmitbot_localization/share/rmitbot_localization/environment/ament_prefix_path.sh
[1.241s] -- Installing: /home/v120506/rmitbot_v4/lesson4_ws/install/rmitbot_localization/share/rmitbot_localization/environment/ament_prefix_path.dsv
[1.241s] -- Installing: /home/v120506/rmitbot_v4/lesson4_ws/install/rmitbot_localization/share/rmitbot_localization/environment/path.sh
[1.241s] -- Installing: /home/v120506/rmitbot_v4/lesson4_ws/install/rmitbot_localization/share/rmitbot_localization/environment/path.dsv
[1.241s] -- Installing: /home/v120506/rmitbot_v4/lesson4_ws/install/rmitbot_localization/share/rmitbot_localization/local_setup.bash
[1.241s] -- Installing: /home/v120506/rmitbot_v4/lesson4_ws/install/rmitbot_localization/share/rmitbot_localization/local_setup.sh
[1.241s] -- Installing: /home/v120506/rmitbot_v4/lesson4_ws/install/rmitbot_localization/share/rmitbot_localization/local_setup.zsh
[1.241s] -- Installing: /home/v120506/rmitbot_v4/lesson4_ws/install/rmitbot_localization/share/rmitbot_localization/local_setup.dsv
[1.241s] -- Installing: /home/v120506/rmitbot_v4/lesson4_ws/install/rmitbot_localization/share/rmitbot_localization/package.dsv
[1.241s] -- Installing: /home/v120506/rmitbot_v4/lesson4_ws/install/rmitbot_localization/share/ament_index/resource_index/packages/rmitbot_localization
[1.242s] -- Installing: /home/v120506/rmitbot_v4/lesson4_ws/install/rmitbot_localization/share/rmitbot_localization/cmake/rmitbot_localizationConfig.cmake
[1.242s] -- Installing: /home/v120506/rmitbot_v4/lesson4_ws/install/rmitbot_localization/share/rmitbot_localization/cmake/rmitbot_localizationConfig-version.cmake
[1.242s] -- Installing: /home/v120506/rmitbot_v4/lesson4_ws/install/rmitbot_localization/share/rmitbot_localization/package.xml
[1.243s] Invoked command in '/home/v120506/rmitbot_v4/lesson4_ws/build/rmitbot_localization' returned '0': CMAKE_PREFIX_PATH=${CMAKE_PREFIX_PATH}:/opt/ros/jazzy DEBUGINFOD_URLS=https://debuginfod.ubuntu.com /usr/bin/cmake --install /home/v120506/rmitbot_v4/lesson4_ws/build/rmitbot_localization
