[0.018s] Invoking command in '/home/v120506/rmitbot_v4/lesson4_ws/build/rmitbot_mapping': CMAKE_PREFIX_PATH=${CMAKE_PREFIX_PATH}:/opt/ros/jazzy DEBUGINFOD_URLS=https://debuginfod.ubuntu.com /usr/bin/cmake /home/v120506/rmitbot_v4/lesson4_ws/src/rmitbot_mapping -DCMAKE_INSTALL_PREFIX=/home/v120506/rmitbot_v4/lesson4_ws/install/rmitbot_mapping
[0.087s] -- The C compiler identification is GNU 13.3.0
[0.170s] -- The CXX compiler identification is GNU 13.3.0
[0.192s] -- Detecting C compiler ABI info
[0.288s] -- Detecting C compiler ABI info - done
[0.301s] -- Check for working C compiler: /usr/bin/cc - skipped
[0.301s] -- Detecting C compile features
[0.302s] -- Detecting C compile features - done
[0.313s] -- Detecting CXX compiler ABI info
[0.429s] -- Detecting CXX compiler ABI info - done
[0.440s] -- Check for working CXX compiler: /usr/bin/c++ - skipped
[0.440s] -- Detecting CXX compile features
[0.441s] -- Detecting CXX compile features - done
[0.445s] -- Found ament_cmake: 2.5.4 (/opt/ros/jazzy/share/ament_cmake/cmake)
[0.654s] -- Found Python3: /usr/bin/python3 (found version "3.12.3") found components: Interpreter 
[1.007s] -- Configuring done (1.0s)
[1.008s] -- Generating done (0.0s)
[1.010s] -- Build files have been written to: /home/v120506/rmitbot_v4/lesson4_ws/build/rmitbot_mapping
[1.014s] Invoked command in '/home/v120506/rmitbot_v4/lesson4_ws/build/rmitbot_mapping' returned '0': CMAKE_PREFIX_PATH=${CMAKE_PREFIX_PATH}:/opt/ros/jazzy DEBUGINFOD_URLS=https://debuginfod.ubuntu.com /usr/bin/cmake /home/v120506/rmitbot_v4/lesson4_ws/src/rmitbot_mapping -DCMAKE_INSTALL_PREFIX=/home/v120506/rmitbot_v4/lesson4_ws/install/rmitbot_mapping
[1.014s] Invoking command in '/home/v120506/rmitbot_v4/lesson4_ws/build/rmitbot_mapping': CMAKE_PREFIX_PATH=${CMAKE_PREFIX_PATH}:/opt/ros/jazzy DEBUGINFOD_URLS=https://debuginfod.ubuntu.com /usr/bin/cmake --build /home/v120506/rmitbot_v4/lesson4_ws/build/rmitbot_mapping -- -j8 -l8
[1.046s] Invoked command in '/home/v120506/rmitbot_v4/lesson4_ws/build/rmitbot_mapping' returned '0': CMAKE_PREFIX_PATH=${CMAKE_PREFIX_PATH}:/opt/ros/jazzy DEBUGINFOD_URLS=https://debuginfod.ubuntu.com /usr/bin/cmake --build /home/v120506/rmitbot_v4/lesson4_ws/build/rmitbot_mapping -- -j8 -l8
[1.047s] Invoking command in '/home/v120506/rmitbot_v4/lesson4_ws/build/rmitbot_mapping': CMAKE_PREFIX_PATH=${CMAKE_PREFIX_PATH}:/opt/ros/jazzy DEBUGINFOD_URLS=https://debuginfod.ubuntu.com /usr/bin/cmake --install /home/v120506/rmitbot_v4/lesson4_ws/build/rmitbot_mapping
[1.054s] -- Install configuration: ""
[1.054s] -- Installing: /home/v120506/rmitbot_v4/lesson4_ws/install/rmitbot_mapping/share/rmitbot_mapping/launch
[1.054s] -- Installing: /home/v120506/rmitbot_v4/lesson4_ws/install/rmitbot_mapping/share/rmitbot_mapping/launch/slam.launch.py
[1.054s] -- Installing: /home/v120506/rmitbot_v4/lesson4_ws/install/rmitbot_mapping/share/rmitbot_mapping/config
[1.054s] -- Installing: /home/v120506/rmitbot_v4/lesson4_ws/install/rmitbot_mapping/share/rmitbot_mapping/config/slam.yaml
[1.054s] -- Installing: /home/v120506/rmitbot_v4/lesson4_ws/install/rmitbot_mapping/share/ament_index/resource_index/package_run_dependencies/rmitbot_mapping
[1.054s] -- Installing: /home/v120506/rmitbot_v4/lesson4_ws/install/rmitbot_mapping/share/ament_index/resource_index/parent_prefix_path/rmitbot_mapping
[1.054s] -- Installing: /home/v120506/rmitbot_v4/lesson4_ws/install/rmitbot_mapping/share/rmitbot_mapping/environment/ament_prefix_path.sh
[1.055s] -- Installing: /home/v120506/rmitbot_v4/lesson4_ws/install/rmitbot_mapping/share/rmitbot_mapping/environment/ament_prefix_path.dsv
[1.055s] -- Installing: /home/v120506/rmitbot_v4/lesson4_ws/install/rmitbot_mapping/share/rmitbot_mapping/environment/path.sh
[1.055s] -- Installing: /home/v120506/rmitbot_v4/lesson4_ws/install/rmitbot_mapping/share/rmitbot_mapping/environment/path.dsv
[1.055s] -- Installing: /home/v120506/rmitbot_v4/lesson4_ws/install/rmitbot_mapping/share/rmitbot_mapping/local_setup.bash
[1.055s] -- Installing: /home/v120506/rmitbot_v4/lesson4_ws/install/rmitbot_mapping/share/rmitbot_mapping/local_setup.sh
[1.055s] -- Installing: /home/v120506/rmitbot_v4/lesson4_ws/install/rmitbot_mapping/share/rmitbot_mapping/local_setup.zsh
[1.055s] -- Installing: /home/v120506/rmitbot_v4/lesson4_ws/install/rmitbot_mapping/share/rmitbot_mapping/local_setup.dsv
[1.055s] -- Installing: /home/v120506/rmitbot_v4/lesson4_ws/install/rmitbot_mapping/share/rmitbot_mapping/package.dsv
[1.055s] -- Installing: /home/v120506/rmitbot_v4/lesson4_ws/install/rmitbot_mapping/share/ament_index/resource_index/packages/rmitbot_mapping
[1.055s] -- Installing: /home/v120506/rmitbot_v4/lesson4_ws/install/rmitbot_mapping/share/rmitbot_mapping/cmake/rmitbot_mappingConfig.cmake
[1.055s] -- Installing: /home/v120506/rmitbot_v4/lesson4_ws/install/rmitbot_mapping/share/rmitbot_mapping/cmake/rmitbot_mappingConfig-version.cmake
[1.056s] -- Installing: /home/v120506/rmitbot_v4/lesson4_ws/install/rmitbot_mapping/share/rmitbot_mapping/package.xml
[1.057s] Invoked command in '/home/v120506/rmitbot_v4/lesson4_ws/build/rmitbot_mapping' returned '0': CMAKE_PREFIX_PATH=${CMAKE_PREFIX_PATH}:/opt/ros/jazzy DEBUGINFOD_URLS=https://debuginfod.ubuntu.com /usr/bin/cmake --install /home/v120506/rmitbot_v4/lesson4_ws/build/rmitbot_mapping
