[0.017s] Invoking command in '/home/v120506/rmitbot_v4/lesson4_ws/build/rmitbot_controller': CMAKE_PREFIX_PATH=${CMAKE_PREFIX_PATH}:/opt/ros/jazzy DEBUGINFOD_URLS=https://debuginfod.ubuntu.com /usr/bin/cmake /home/v120506/rmitbot_v4/lesson4_ws/src/rmitbot_controller -DCMAKE_INSTALL_PREFIX=/home/v120506/rmitbot_v4/lesson4_ws/install/rmitbot_controller
[0.085s] -- The C compiler identification is GNU 13.3.0
[0.152s] -- The CXX compiler identification is GNU 13.3.0
[0.170s] -- Detecting C compiler ABI info
[0.276s] -- Detecting C compiler ABI info - done
[0.292s] -- Check for working C compiler: /usr/bin/cc - skipped
[0.293s] -- Detecting C compile features
[0.293s] -- Detecting C compile features - done
[0.306s] -- Detecting CXX compiler ABI info
[0.428s] -- Detecting CXX compiler ABI info - done
[0.445s] -- Check for working CXX compiler: /usr/bin/c++ - skipped
[0.446s] -- Detecting CXX compile features
[0.447s] -- Detecting CXX compile features - done
[0.453s] -- Found ament_cmake: 2.5.4 (/opt/ros/jazzy/share/ament_cmake/cmake)
[0.652s] -- Found Python3: /usr/bin/python3 (found version "3.12.3") found components: Interpreter 
[0.898s] -- Configuring done (0.9s)
[0.902s] -- Generating done (0.0s)
[0.905s] -- Build files have been written to: /home/v120506/rmitbot_v4/lesson4_ws/build/rmitbot_controller
[0.914s] Invoked command in '/home/v120506/rmitbot_v4/lesson4_ws/build/rmitbot_controller' returned '0': CMAKE_PREFIX_PATH=${CMAKE_PREFIX_PATH}:/opt/ros/jazzy DEBUGINFOD_URLS=https://debuginfod.ubuntu.com /usr/bin/cmake /home/v120506/rmitbot_v4/lesson4_ws/src/rmitbot_controller -DCMAKE_INSTALL_PREFIX=/home/v120506/rmitbot_v4/lesson4_ws/install/rmitbot_controller
[0.915s] Invoking command in '/home/v120506/rmitbot_v4/lesson4_ws/build/rmitbot_controller': CMAKE_PREFIX_PATH=${CMAKE_PREFIX_PATH}:/opt/ros/jazzy DEBUGINFOD_URLS=https://debuginfod.ubuntu.com /usr/bin/cmake --build /home/v120506/rmitbot_v4/lesson4_ws/build/rmitbot_controller -- -j8 -l8
[0.958s] Invoked command in '/home/v120506/rmitbot_v4/lesson4_ws/build/rmitbot_controller' returned '0': CMAKE_PREFIX_PATH=${CMAKE_PREFIX_PATH}:/opt/ros/jazzy DEBUGINFOD_URLS=https://debuginfod.ubuntu.com /usr/bin/cmake --build /home/v120506/rmitbot_v4/lesson4_ws/build/rmitbot_controller -- -j8 -l8
[0.959s] Invoking command in '/home/v120506/rmitbot_v4/lesson4_ws/build/rmitbot_controller': CMAKE_PREFIX_PATH=${CMAKE_PREFIX_PATH}:/opt/ros/jazzy DEBUGINFOD_URLS=https://debuginfod.ubuntu.com /usr/bin/cmake --install /home/v120506/rmitbot_v4/lesson4_ws/build/rmitbot_controller
[0.967s] -- Install configuration: ""
[0.967s] -- Installing: /home/v120506/rmitbot_v4/lesson4_ws/install/rmitbot_controller/share/rmitbot_controller/launch
[0.967s] -- Installing: /home/v120506/rmitbot_v4/lesson4_ws/install/rmitbot_controller/share/rmitbot_controller/launch/controller.launch.py
[0.967s] -- Installing: /home/v120506/rmitbot_v4/lesson4_ws/install/rmitbot_controller/share/rmitbot_controller/launch/teleopkeyboard.launch.py
[0.968s] -- Installing: /home/v120506/rmitbot_v4/lesson4_ws/install/rmitbot_controller/share/rmitbot_controller/config
[0.968s] -- Installing: /home/v120506/rmitbot_v4/lesson4_ws/install/rmitbot_controller/share/rmitbot_controller/config/rmitbot_controller.yaml
[0.968s] -- Installing: /home/v120506/rmitbot_v4/lesson4_ws/install/rmitbot_controller/share/ament_index/resource_index/package_run_dependencies/rmitbot_controller
[0.968s] -- Installing: /home/v120506/rmitbot_v4/lesson4_ws/install/rmitbot_controller/share/ament_index/resource_index/parent_prefix_path/rmitbot_controller
[0.968s] -- Installing: /home/v120506/rmitbot_v4/lesson4_ws/install/rmitbot_controller/share/rmitbot_controller/environment/ament_prefix_path.sh
[0.968s] -- Installing: /home/v120506/rmitbot_v4/lesson4_ws/install/rmitbot_controller/share/rmitbot_controller/environment/ament_prefix_path.dsv
[0.968s] -- Installing: /home/v120506/rmitbot_v4/lesson4_ws/install/rmitbot_controller/share/rmitbot_controller/environment/path.sh
[0.969s] -- Installing: /home/v120506/rmitbot_v4/lesson4_ws/install/rmitbot_controller/share/rmitbot_controller/environment/path.dsv
[0.969s] -- Installing: /home/v120506/rmitbot_v4/lesson4_ws/install/rmitbot_controller/share/rmitbot_controller/local_setup.bash
[0.969s] -- Installing: /home/v120506/rmitbot_v4/lesson4_ws/install/rmitbot_controller/share/rmitbot_controller/local_setup.sh
[0.969s] -- Installing: /home/v120506/rmitbot_v4/lesson4_ws/install/rmitbot_controller/share/rmitbot_controller/local_setup.zsh
[0.969s] -- Installing: /home/v120506/rmitbot_v4/lesson4_ws/install/rmitbot_controller/share/rmitbot_controller/local_setup.dsv
[0.970s] -- Installing: /home/v120506/rmitbot_v4/lesson4_ws/install/rmitbot_controller/share/rmitbot_controller/package.dsv
[0.970s] -- Installing: /home/v120506/rmitbot_v4/lesson4_ws/install/rmitbot_controller/share/ament_index/resource_index/packages/rmitbot_controller
[0.970s] -- Installing: /home/v120506/rmitbot_v4/lesson4_ws/install/rmitbot_controller/share/rmitbot_controller/cmake/rmitbot_controllerConfig.cmake
[0.970s] -- Installing: /home/v120506/rmitbot_v4/lesson4_ws/install/rmitbot_controller/share/rmitbot_controller/cmake/rmitbot_controllerConfig-version.cmake
[0.970s] -- Installing: /home/v120506/rmitbot_v4/lesson4_ws/install/rmitbot_controller/share/rmitbot_controller/package.xml
[0.981s] Invoked command in '/home/v120506/rmitbot_v4/lesson4_ws/build/rmitbot_controller' returned '0': CMAKE_PREFIX_PATH=${CMAKE_PREFIX_PATH}:/opt/ros/jazzy DEBUGINFOD_URLS=https://debuginfod.ubuntu.com /usr/bin/cmake --install /home/v120506/rmitbot_v4/lesson4_ws/build/rmitbot_controller
